../Drivers/CMSIS/Include/core_cm3.h:1639:22:__NVIC_SetPriority	16	static
../Drivers/CMSIS/Include/core_cm3.h:1834:26:SysTick_Config	16	static
../Core/Src/GAS_Scheduler.c:16:6:GAS_Scheduler_init	8	static
../Core/Src/GAS_Scheduler.c:28:6:GAS_Scheduler_taskCounter_1ms	4	static
../Core/Src/GAS_Scheduler.c:33:6:GAS_Scheduler_taskCounter_10ms	4	static
../Core/Src/GAS_Scheduler.c:38:6:GAS_Scheduler_taskCounter_100ms	4	static
../Core/Src/GAS_Scheduler.c:48:6:GAS_Scheduler_taskCounter_1000ms	4	static
../Core/Src/GAS_Scheduler.c:54:6:HAL_SYSTICK_Callback	4	static
../Core/Src/GAS_Scheduler.c:85:6:GAS_Scheduler	8	static
